........................................................................ [  6%]
......................................................F................. [ 12%]
....F.F................................................................. [ 18%]
........................................................................ [ 24%]
........................................................................ [ 30%]
.....................................................F.FF....FF......... [ 36%]
.....................................F.F................................ [ 42%]
........................................................................ [ 48%]
.......................................FF............................... [ 54%]
........................................................................ [ 60%]
........................................F............................... [ 66%]
........................................................................ [ 72%]
